      ‚ï≠‚îÄ‚îÄ‚îÄ‚îÄ‚îÄ‚îÄ‚îÄ‚îÄ‚îÄ‚îÄ‚îÄ‚îÄ‚îÄ‚îÄ‚îÄ‚îÄ‚îÄ‚îÄ‚îÄ‚îÄ‚îÄ‚îÄ‚îÄ‚îÄ‚îÄ‚îÄ‚îÄ‚îÄ‚îÄ‚îÄ‚îÄ‚îÄ‚îÄ‚îÄ‚îÄ‚îÄ‚îÄ‚îÄ‚îÄ‚îÄ‚îÄ‚îÄ‚îÄ‚îÄ‚îÄ‚îÄ‚îÄ‚îÄ‚îÄ‚îÄ‚îÄ‚îÄ‚îÄ‚îÄ‚îÄ‚îÄ‚îÄ‚îÄ‚îÄ‚îÄ‚îÄ‚îÄ‚îÄ‚îÄ‚îÄ‚îÄ‚îÄ‚îÄ‚îÄ‚îÄ‚îÄ‚îÄ‚ïÆ
[38;5;247m[10]:[0m ‚îÇ                                                                        ‚îÇ
      ‚ï∞‚îÄ‚îÄ‚îÄ‚îÄ‚îÄ‚îÄ‚îÄ‚îÄ‚îÄ‚îÄ‚îÄ‚îÄ‚îÄ‚îÄ‚îÄ‚îÄ‚îÄ‚îÄ‚îÄ‚îÄ‚îÄ‚îÄ‚îÄ‚îÄ‚îÄ‚îÄ‚îÄ‚îÄ‚îÄ‚îÄ‚îÄ‚îÄ‚îÄ‚îÄ‚îÄ‚îÄ‚îÄ‚îÄ‚îÄ‚îÄ‚îÄ‚îÄ‚îÄ‚îÄ‚îÄ‚îÄ‚îÄ‚îÄ‚îÄ‚îÄ‚îÄ‚îÄ‚îÄ‚îÄ‚îÄ‚îÄ‚îÄ‚îÄ‚îÄ‚îÄ‚îÄ‚îÄ‚îÄ‚îÄ‚îÄ‚îÄ‚îÄ‚îÄ‚îÄ‚îÄ‚îÄ‚îÄ‚ïØ
                                                                                
       <IPython.core.display.Javascript object>                                 
                                                                                
       ]8;id=207542;file://{{ tempfile_path }}0.html\[94müåê Click to view HTML[0m]8;;\                                                    
                                                                                
                                                                                
       [48;2;255;255;255m                                                                         [0m
       [48;2;255;255;255m                                                                         [0m
       [48;2;255;255;255m        [0m[38;2;255;255;255;48;2;254;254;254m‚ñÄ[0m[38;2;255;255;255;48;2;251;251;251m‚ñÄ[0m[38;2;255;255;255;48;2;255;255;255m                                                               [0m
       [48;2;255;255;255m     [0m[38;2;248;248;248;48;2;236;236;236m‚ñÄ[0m[38;2;244;244;244;48;2;208;208;208m‚ñÄ[0m[38;2;244;244;244;48;2;218;218;218m‚ñÄ[0m[38;2;236;236;236;48;2;202;202;202m‚ñÄ[0m[38;2;229;229;229;48;2;230;230;230m‚ñÄ[0m[38;2;229;229;229;48;2;255;255;255m      [0m[38;2;255;255;255;48;2;253;253;253m‚ñÄ‚ñÄ‚ñÄ[0m[38;2;255;255;255;48;2;252;252;252m‚ñÄ[0m[38;2;255;255;255;48;2;255;255;255m [0m[38;2;255;255;255;48;2;253;253;253m‚ñÄ[0m[38;2;255;255;255;48;2;251;251;251m‚ñÄ[0m[38;2;255;255;255;48;2;253;253;253m‚ñÄ[0m[38;2;255;255;255;48;2;251;251;251m‚ñÄ[0m[38;2;255;255;255;48;2;247;247;247m‚ñÄ[0m[38;2;255;255;255;48;2;253;253;253m‚ñÄ[0m[38;2;255;255;255;48;2;252;252;252m‚ñÄ[0m[38;2;255;255;255;48;2;251;251;251m‚ñÄ[0m[38;2;255;255;255;48;2;255;255;255m                                 [0m[38;2;255;255;255;48;2;242;242;254m‚ñÄ[0m[38;2;255;255;255;48;2;248;248;254m‚ñÄ[0m[38;2;255;255;255;48;2;255;255;255m         [0m
       [48;2;255;255;255m     [0m[38;2;237;237;237;48;2;255;255;255m‚ñÄ[0m[38;2;228;228;228;48;2;255;255;255m‚ñÄ[0m[38;2;237;237;237;48;2;255;255;255m‚ñÄ[0m[38;2;224;224;224;48;2;245;245;245m‚ñÄ[0m[38;2;229;229;229;48;2;227;227;227m‚ñÄ[0m[38;2;229;229;229;48;2;255;255;255m  [0m[38;2;225;226;252;48;2;245;245;254m‚ñÄ[0m[38;2;236;236;253;48;2;248;248;254m‚ñÄ[0m[38;2;236;236;253;48;2;255;255;255m  [0m[38;2;218;218;218;48;2;246;246;246m‚ñÄ[0m[38;2;185;185;185;48;2;234;234;234m‚ñÄ[0m[38;2;188;188;188;48;2;230;230;230m‚ñÄ[0m[38;2;194;194;194;48;2;240;240;240m‚ñÄ[0m[38;2;221;221;221;48;2;245;245;245m‚ñÄ[0m[38;2;190;190;190;48;2;229;229;229m‚ñÄ[0m[38;2;190;190;190;48;2;240;240;240m‚ñÄ[0m[38;2;192;192;192;48;2;236;236;236m‚ñÄ[0m[38;2;187;187;187;48;2;230;230;230m‚ñÄ[0m[38;2;179;179;179;48;2;233;233;233m‚ñÄ[0m[38;2;185;185;185;48;2;229;229;229m‚ñÄ[0m[38;2;193;193;193;48;2;238;238;238m‚ñÄ[0m[38;2;193;193;193;48;2;233;233;233m‚ñÄ[0m[38;2;244;244;244;48;2;249;249;249m‚ñÄ[0m[38;2;244;244;244;48;2;255;255;255m                             [0m[38;2;255;255;255;48;2;225;225;252m‚ñÄ[0m[38;2;251;251;255;48;2;167;169;247m‚ñÄ[0m[38;2;205;206;250;48;2;144;146;245m‚ñÄ[0m[38;2;154;156;246;48;2;148;150;244m‚ñÄ[0m[38;2;232;233;253;48;2;234;233;251m‚ñÄ[0m[38;2;232;233;253;48;2;255;255;255m         [0m
       [48;2;255;255;255m        [0m[48;2;243;243;243m [0m[48;2;227;227;227m [0m[48;2;255;255;255m  [0m[38;2;255;255;255;48;2;254;235;220m‚ñÄ[0m[38;2;255;255;255;48;2;255;242;232m‚ñÄ[0m[38;2;255;255;255;48;2;255;255;255m  [0m[38;2;254;254;254;48;2;218;218;218m‚ñÄ[0m[38;2;254;254;254;48;2;183;183;183m‚ñÄ[0m[38;2;253;253;253;48;2;190;190;190m‚ñÄ[0m[38;2;255;255;255;48;2;191;191;191m‚ñÄ[0m[38;2;247;247;247;48;2;178;178;178m‚ñÄ[0m[38;2;254;254;254;48;2;188;188;188m‚ñÄ[0m[38;2;254;254;254;48;2;182;182;182m‚ñÄ[0m[38;2;252;252;252;48;2;196;196;196m‚ñÄ[0m[38;2;255;255;255;48;2;207;207;207m‚ñÄ[0m[38;2;255;255;255;48;2;255;255;255m                              [0m[38;2;255;255;255;48;2;253;253;255m‚ñÄ[0m[38;2;255;255;255;48;2;208;209;251m‚ñÄ[0m[38;2;242;242;254;48;2;155;157;246m‚ñÄ[0m[38;2;186;187;248;48;2;146;148;245m‚ñÄ[0m[38;2;147;149;245;48;2;144;146;245m‚ñÄ[0m[38;2;148;150;245;48;2;116;118;242m‚ñÄ[0m[38;2;142;145;245;48;2;112;115;242m‚ñÄ[0m[38;2;120;117;233;48;2;134;136;244m‚ñÄ[0m[38;2;227;216;232;48;2;234;234;253m‚ñÄ[0m[38;2;227;216;232;48;2;255;255;255m         [0m
       [48;2;255;255;255m     [0m[38;2;255;255;255;48;2;249;249;249m‚ñÄ[0m[38;2;255;255;255;48;2;245;245;245m‚ñÄ[0m[38;2;255;255;255;48;2;249;249;249m‚ñÄ[0m[38;2;244;244;244;48;2;235;235;235m‚ñÄ[0m[38;2;227;227;227;48;2;228;228;228m‚ñÄ[0m[38;2;227;227;227;48;2;255;255;255m  [0m[38;2;255;251;247;48;2;255;255;255m‚ñÄ[0m[38;2;255;252;250;48;2;255;255;255m‚ñÄ[0m[38;2;255;252;250;48;2;255;255;255m  [0m[38;2;241;241;241;48;2;255;255;255m‚ñÄ[0m[38;2;230;230;230;48;2;255;255;255m‚ñÄ[0m[38;2;241;241;241;48;2;255;255;255m‚ñÄ[0m[38;2;232;232;232;48;2;255;255;255m‚ñÄ‚ñÄ[0m[38;2;233;233;233;48;2;255;255;255m‚ñÄ[0m[38;2;231;231;231;48;2;255;255;255m‚ñÄ[0m[38;2;241;241;241;48;2;255;255;255m‚ñÄ[0m[38;2;235;235;235;48;2;255;255;255m‚ñÄ[0m[38;2;235;235;235;48;2;255;255;255m                         [0m[38;2;255;255;255;48;2;248;248;254m‚ñÄ[0m[38;2;255;255;255;48;2;255;255;255m [0m[38;2;255;255;255;48;2;247;248;254m‚ñÄ[0m[38;2;255;255;255;48;2;194;195;249m‚ñÄ[0m[38;2;230;230;253;48;2;150;152;245m‚ñÄ[0m[38;2;171;173;247;48;2;145;147;245m‚ñÄ[0m[38;2;146;148;245;48;2;128;130;243m‚ñÄ[0m[38;2;145;147;245;48;2;111;114;242m‚ñÄ[0m[38;2;125;127;243;48;2;127;130;243m‚ñÄ[0m[38;2;111;114;242;48;2;146;148;245m‚ñÄ[0m[38;2;127;130;243;48;2;145;147;245m‚ñÄ[0m[38;2;148;150;245;48;2;154;155;245m‚ñÄ[0m[38;2;146;148;245;48;2;191;192;249m‚ñÄ[0m[38;2;233;233;253;48;2;247;247;254m‚ñÄ[0m[38;2;233;233;253;48;2;255;255;255m         [0m
       [48;2;255;255;255m     [0m[38;2;237;237;237;48;2;236;236;236m‚ñÄ[0m[38;2;208;208;208;48;2;228;228;228m‚ñÄ[0m[38;2;211;211;211;48;2;232;232;232m‚ñÄ[0m[38;2;194;194;194;48;2;222;222;222m‚ñÄ[0m[38;2;230;230;230;48;2;229;229;229m‚ñÄ[0m[38;2;230;230;230;48;2;255;255;255m                       [0m[38;2;255;255;255;48;2;255;254;253m‚ñÄ[0m[38;2;255;255;255;48;2;255;255;255m    [0m[38;2;255;255;255;48;2;255;254;253m‚ñÄ[0m[38;2;255;255;255;48;2;255;255;254m‚ñÄ[0m[38;2;255;255;255;48;2;255;255;255m    [0m[38;2;255;255;255;48;2;251;251;255m‚ñÄ[0m[38;2;255;255;255;48;2;230;230;253m‚ñÄ[0m[38;2;255;255;255;48;2;255;255;255m   [0m[38;2;255;255;255;48;2;242;242;254m‚ñÄ[0m[38;2;222;223;252;48;2;188;189;249m‚ñÄ[0m[38;2;203;204;250;48;2;148;150;245m‚ñÄ[0m[38;2;165;167;247;48;2;132;134;244m‚ñÄ[0m[38;2;144;146;245;48;2;113;115;242m‚ñÄ[0m[38;2;131;133;243;48;2;121;124;243m‚ñÄ[0m[38;2;112;114;242;48;2;142;144;244m‚ñÄ[0m[38;2;124;127;243;48;2;147;149;245m‚ñÄ[0m[38;2;144;146;245;48;2;166;167;247m‚ñÄ[0m[38;2;146;148;245;48;2;210;211;251m‚ñÄ[0m[38;2;160;162;246;48;2;245;245;254m‚ñÄ[0m[38;2;204;205;250;48;2;228;229;252m‚ñÄ[0m[38;2;242;242;254;48;2;255;255;255m‚ñÄ[0m[38;2;242;242;254;48;2;255;255;255m           [0m
       [48;2;255;255;255m        [0m[38;2;245;245;245;48;2;243;243;243m‚ñÄ[0m[38;2;245;245;245;48;2;227;227;227m [0m[38;2;245;245;245;48;2;255;255;255m                      [0m[38;2;255;252;250;48;2;255;255;255m‚ñÄ[0m[38;2;254;225;202;48;2;255;252;250m‚ñÄ[0m[38;2;255;255;255;48;2;240;240;253m‚ñÄ[0m[38;2;255;255;255;48;2;234;234;253m‚ñÄ[0m[38;2;255;255;255;48;2;255;255;255m  [0m[38;2;254;229;210;48;2;255;255;254m‚ñÄ[0m[38;2;255;248;239;48;2;216;217;251m‚ñÄ[0m[38;2;255;255;255;48;2;245;245;254m‚ñÄ[0m[38;2;255;255;255;48;2;255;255;255m [0m[38;2;255;255;255;48;2;245;246;254m‚ñÄ[0m[38;2;255;255;255;48;2;210;211;251m‚ñÄ[0m[38;2;250;250;255;48;2;255;255;255m‚ñÄ[0m[38;2;226;226;252;48;2;255;255;255m‚ñÄ[0m[38;2;255;255;255;48;2;234;235;253m‚ñÄ[0m[38;2;254;254;255;48;2;178;179;248m‚ñÄ[0m[38;2;213;214;251;48;2;136;138;244m‚ñÄ[0m[38;2;159;160;246;48;2;114;117;242m‚ñÄ[0m[38;2;133;135;244;48;2;116;118;242m‚ñÄ[0m[38;2;114;116;242;48;2;136;139;244m‚ñÄ[0m[38;2;118;121;242;48;2;149;150;245m‚ñÄ[0m[38;2;139;141;244;48;2;175;177;247m‚ñÄ[0m[38;2;148;150;245;48;2;223;224;252m‚ñÄ[0m[38;2;171;173;247;48;2;254;254;255m‚ñÄ[0m[38;2;217;218;251;48;2;255;255;255m‚ñÄ[0m[38;2;252;252;255;48;2;255;255;255m‚ñÄ[0m[38;2;255;255;255;48;2;255;254;254m‚ñÄ[0m[38;2;253;255;255;48;2;255;241;229m‚ñÄ[0m[38;2;230;233;255;48;2;255;221;190m‚ñÄ[0m[38;2;255;252;250;48;2;252;197;153m‚ñÄ[0m[38;2;254;236;222;48;2;252;187;135m‚ñÄ[0m[38;2;255;249;244;48;2;254;241;231m‚ñÄ[0m[38;2;255;249;244;48;2;255;255;255m         [0m
       [48;2;255;255;255m        [0m[38;2;243;243;243;48;2;244;244;244m‚ñÄ[0m[38;2;243;243;243;48;2;227;227;227m [0m[38;2;243;243;243;48;2;255;255;255m     [0m[38;2;255;255;255;48;2;255;250;246m‚ñÄ[0m[38;2;255;255;255;48;2;254;229;208m‚ñÄ[0m[38;2;255;255;255;48;2;255;255;255m             [0m[38;2;255;255;255;48;2;239;239;254m‚ñÄ[0m[38;2;255;255;255;48;2;247;247;254m‚ñÄ[0m[38;2;255;255;255;48;2;237;237;253m‚ñÄ[0m[38;2;254;226;204;48;2;255;255;255m‚ñÄ[0m[38;2;242;238;247;48;2;255;255;255m‚ñÄ[0m[38;2;236;238;255;48;2;255;243;226m‚ñÄ[0m[38;2;255;255;255;48;2;255;228;205m‚ñÄ[0m[38;2;255;255;255;48;2;236;237;254m‚ñÄ[0m[38;2;255;255;255;48;2;253;253;255m‚ñÄ[0m[38;2;244;244;254;48;2;255;255;255m‚ñÄ[0m[38;2;240;240;254;48;2;205;206;250m‚ñÄ[0m[38;2;216;217;252;48;2;240;240;254m‚ñÄ[0m[38;2;255;255;255;48;2;241;241;254m‚ñÄ[0m[38;2;254;254;255;48;2;219;214;242m‚ñÄ[0m[38;2;247;248;254;48;2;158;159;244m‚ñÄ[0m[38;2;199;200;250;48;2;108;111;242m‚ñÄ[0m[38;2;145;147;245;48;2;98;101;241m‚ñÄ[0m[38;2;115;117;242;48;2;132;134;243m‚ñÄ[0m[38;2;114;116;242;48;2;149;151;245m‚ñÄ[0m[38;2;133;136;244;48;2;179;181;248m‚ñÄ[0m[38;2;149;151;245;48;2;227;229;254m‚ñÄ[0m[38;2;178;179;248;48;2;255;255;255m‚ñÄ[0m[38;2;227;228;253;48;2;243;244;255m‚ñÄ[0m[38;2;255;255;255;48;2;251;243;240m‚ñÄ[0m[38;2;255;255;255;48;2;254;222;196m‚ñÄ[0m[38;2;255;255;255;48;2;253;203;163m‚ñÄ[0m[38;2;255;244;236;48;2;252;191;142m‚ñÄ[0m[38;2;254;223;198;48;2;252;188;135m‚ñÄ[0m[38;2;253;201;160;48;2;252;188;135m‚ñÄ[0m[38;2;252;189;138;48;2;251;183;129m‚ñÄ[0m[38;2;252;188;135;48;2;250;174;115m‚ñÄ[0m[38;2;252;189;138;48;2;251;169;102m‚ñÄ[0m[38;2;252;187;133;48;2;251;169;102m‚ñÄ[0m[38;2;254;241;230;48;2;254;239;227m‚ñÄ[0m[38;2;254;241;230;48;2;255;255;255m         [0m
       [48;2;255;255;255m     [0m[38;2;247;247;247;48;2;235;235;235m‚ñÄ[0m[38;2;247;247;247;48;2;216;216;216m‚ñÄ[0m[38;2;243;243;243;48;2;219;219;219m‚ñÄ[0m[38;2;235;235;235;48;2;202;202;202m‚ñÄ[0m[38;2;228;228;228;48;2;230;230;230m‚ñÄ[0m[38;2;228;228;228;48;2;255;255;255m     [0m[38;2;255;254;253;48;2;255;255;255m‚ñÄ[0m[38;2;255;249;245;48;2;255;255;255m‚ñÄ[0m[38;2;255;249;245;48;2;255;255;255m        [0m[38;2;255;255;255;48;2;255;251;248m‚ñÄ[0m[38;2;255;255;255;48;2;255;250;247m‚ñÄ[0m[38;2;255;255;255;48;2;255;255;255m   [0m[38;2;224;224;252;48;2;255;255;255m‚ñÄ[0m[38;2;240;240;254;48;2;248;248;255m‚ñÄ[0m[38;2;220;221;252;48;2;252;252;255m‚ñÄ[0m[38;2;220;221;252;48;2;255;255;255m  [0m[38;2;227;206;213;48;2;220;217;245m‚ñÄ[0m[38;2;249;241;238;48;2;235;236;254m‚ñÄ[0m[38;2;218;220;253;48;2;255;255;255m‚ñÄ[0m[38;2;250;250;255;48;2;255;255;255m‚ñÄ[0m[38;2;255;255;255;48;2;246;246;254m‚ñÄ[0m[38;2;235;235;253;48;2;195;196;249m‚ñÄ[0m[38;2;216;217;252;48;2;130;133;243m‚ñÄ[0m[38;2;146;149;246;48;2;98;100;240m‚ñÄ[0m[38;2;123;114;223;48;2;121;125;244m‚ñÄ[0m[38;2;109;110;238;48;2;152;155;246m‚ñÄ[0m[38;2;125;128;243;48;2;192;195;253m‚ñÄ[0m[38;2;119;121;242;48;2;215;218;255m‚ñÄ[0m[38;2;172;174;248;48;2;237;233;246m‚ñÄ[0m[38;2;229;232;255;48;2;255;236;217m‚ñÄ[0m[38;2;255;255;255;48;2;253;212;178m‚ñÄ[0m[38;2;255;251;243;48;2;252;194;148m‚ñÄ[0m[38;2;254;219;191;48;2;252;180;123m‚ñÄ[0m[38;2;228;181;165;48;2;254;184;125m‚ñÄ[0m[38;2;245;187;145;48;2;252;176;115m‚ñÄ[0m[38;2;252;178;118;48;2;251;170;105m‚ñÄ[0m[38;2;252;182;125;48;2;251;168;101m‚ñÄ[0m[38;2;252;180;123;48;2;251;173;110m‚ñÄ[0m[38;2;251;172;108;48;2;252;181;124m‚ñÄ[0m[38;2;251;168;100;48;2;252;188;136m‚ñÄ[0m[38;2;249;168;104;48;2;252;190;139m‚ñÄ[0m[38;2;244;170;117;48;2;252;189;137m‚ñÄ[0m[38;2;252;186;131;48;2;252;186;134m‚ñÄ[0m[38;2;252;190;138;48;2;252;187;133m‚ñÄ[0m[38;2;252;190;138;48;2;254;242;232m [0m[38;2;252;190;138;48;2;255;255;255m         [0m
       [48;2;255;255;255m   [0m[38;2;255;255;255;48;2;251;251;251m‚ñÄ[0m[38;2;255;255;255;48;2;253;253;253m‚ñÄ[0m[38;2;244;244;244;48;2;255;255;255m‚ñÄ[0m[38;2;227;227;227;48;2;255;255;255m‚ñÄ[0m[38;2;238;238;238;48;2;255;255;255m‚ñÄ[0m[38;2;225;225;225;48;2;245;245;245m‚ñÄ[0m[38;2;229;229;229;48;2;227;227;227m‚ñÄ[0m[38;2;229;229;229;48;2;255;255;255m        [0m[38;2;255;250;246;48;2;254;234;218m‚ñÄ[0m[38;2;255;252;250;48;2;255;244;235m‚ñÄ[0m[38;2;255;252;250;48;2;255;255;255m   [0m[38;2;255;251;247;48;2;254;238;224m‚ñÄ[0m[38;2;255;251;249;48;2;255;241;230m‚ñÄ[0m[38;2;255;242;231;48;2;251;250;254m‚ñÄ[0m[38;2;255;229;205;48;2;252;214;183m‚ñÄ[0m[38;2;228;228;253;48;2;221;216;241m‚ñÄ[0m[38;2;238;234;244;48;2;214;180;187m‚ñÄ[0m[38;2;254;233;213;48;2;255;255;246m‚ñÄ[0m[38;2;240;214;205;48;2;242;210;193m‚ñÄ[0m[38;2;205;206;249;48;2;200;199;247m‚ñÄ[0m[38;2;236;236;252;48;2;245;243;248m‚ñÄ[0m[38;2;255;249;244;48;2;255;230;209m‚ñÄ[0m[38;2;255;249;244;48;2;255;255;255m [0m[38;2;238;211;204;48;2;229;231;255m‚ñÄ[0m[38;2;230;228;248;48;2;194;197;251m‚ñÄ[0m[38;2;253;250;250;48;2;152;144;227m‚ñÄ[0m[38;2;209;209;248;48;2;104;102;233m‚ñÄ[0m[38;2;140;142;244;48;2;116;121;246m‚ñÄ[0m[38;2;96;100;240;48;2;158;163;251m‚ñÄ[0m[38;2;119;121;243;48;2;208;209;250m‚ñÄ[0m[38;2;153;156;249;48;2;246;233;230m‚ñÄ[0m[38;2;199;203;254;48;2;255;224;193m‚ñÄ[0m[38;2;240;238;249;48;2;254;200;155m‚ñÄ[0m[38;2;255;240;224;48;2;252;185;130m‚ñÄ[0m[38;2;255;220;186;48;2;251;174;112m‚ñÄ[0m[38;2;254;199;152;48;2;251;169;102m‚ñÄ[0m[38;2;252;185;132;48;2;251;167;100m‚ñÄ[0m[38;2;251;178;119;48;2;242;163;107m‚ñÄ[0m[38;2;251;172;108;48;2;252;179;121m‚ñÄ[0m[38;2;251;168;102;48;2;252;185;131m‚ñÄ[0m[38;2;251;170;104;48;2;252;187;135m‚ñÄ[0m[38;2;252;177;116;48;2;252;189;138m‚ñÄ[0m[38;2;252;184;129;48;2;252;193;145m‚ñÄ[0m[38;2;252;188;136;48;2;252;202;160m‚ñÄ[0m[38;2;252;188;136;48;2;253;214;183m‚ñÄ[0m[38;2;252;187;134;48;2;254;229;209m‚ñÄ[0m[38;2;252;188;137;48;2;254;241;229m‚ñÄ[0m[38;2;252;194;147;48;2;255;250;246m‚ñÄ[0m[38;2;253;204;165;48;2;255;255;255m‚ñÄ[0m[38;2;253;217;187;48;2;255;255;255m‚ñÄ[0m[38;2;254;231;212;48;2;255;255;255m‚ñÄ[0m[38;2;255;252;249;48;2;255;255;255m‚ñÄ[0m[38;2;255;252;249;48;2;255;255;255m         [0m
       [48;2;255;255;255m  [0m[38;2;255;255;255;48;2;251;251;251m‚ñÄ[0m[38;2;201;201;201;48;2;195;195;195m‚ñÄ[0m[38;2;204;204;204;48;2;200;200;200m‚ñÄ[0m[38;2;204;204;204;48;2;254;254;254m [0m[38;2;204;204;204;48;2;255;255;255m  [0m[38;2;204;204;204;48;2;243;243;243m [0m[38;2;204;204;204;48;2;227;227;227m [0m[38;2;204;204;204;48;2;255;255;255m          [0m[38;2;255;255;255;48;2;230;230;253m‚ñÄ[0m[38;2;255;255;255;48;2;223;225;253m‚ñÄ[0m[38;2;255;249;245;48;2;255;239;225m‚ñÄ[0m[38;2;255;252;249;48;2;255;244;232m‚ñÄ[0m[38;2;255;255;255;48;2;246;246;255m‚ñÄ[0m[38;2;232;233;254;48;2;254;253;253m‚ñÄ[0m[38;2;203;208;255;48;2;172;169;239m‚ñÄ[0m[38;2;236;224;229;48;2;177;169;231m‚ñÄ[0m[38;2;255;234;214;48;2;240;230;232m‚ñÄ[0m[38;2;231;233;255;48;2;222;225;255m‚ñÄ[0m[38;2;255;255;249;48;2;216;200;220m‚ñÄ[0m[38;2;235;229;242;48;2;209;197;227m‚ñÄ[0m[38;2;248;240;241;48;2;234;212;211m‚ñÄ[0m[38;2;255;255;255;48;2;176;176;246m‚ñÄ[0m[38;2;165;167;247;48;2;86;92;245m‚ñÄ[0m[38;2;120;122;243;48;2;106;111;244m‚ñÄ[0m[38;2;114;118;245;48;2;167;151;213m‚ñÄ[0m[38;2;113;119;248;48;2;225;181;169m‚ñÄ[0m[38;2;165;168;248;48;2;253;202;160m‚ñÄ[0m[38;2;218;209;232;48;2;255;183;120m‚ñÄ[0m[38;2;250;221;200;48;2;252;169;100m‚ñÄ[0m[38;2;255;205;159;48;2;251;165;96m‚ñÄ[0m[38;2;253;183;125;48;2;251;169;102m‚ñÄ[0m[38;2;251;171;105;48;2;252;178;120m‚ñÄ[0m[38;2;251;167;100;48;2;252;188;135m‚ñÄ[0m[38;2;251;152;73;48;2;252;189;137m‚ñÄ[0m[38;2;251;170;104;48;2;253;204;165m‚ñÄ[0m[38;2;252;182;126;48;2;253;219;190m‚ñÄ[0m[38;2;252;187;134;48;2;254;232;215m‚ñÄ[0m[38;2;252;192;143;48;2;255;246;239m‚ñÄ[0m[38;2;252;200;157;48;2;255;254;253m‚ñÄ[0m[38;2;253;211;177;48;2;255;255;255m‚ñÄ[0m[38;2;254;225;202;48;2;255;255;255m‚ñÄ[0m[38;2;254;238;225;48;2;255;255;255m‚ñÄ[0m[38;2;255;248;243;48;2;255;255;255m‚ñÄ[0m[38;2;255;248;243;48;2;255;255;255m [0m[38;2;255;254;252;48;2;255;247;241m‚ñÄ[0m[38;2;255;248;243;48;2;254;236;221m‚ñÄ[0m[38;2;255;248;243;48;2;255;255;255m               [0m
       [48;2;255;255;255m  [0m[38;2;252;252;252;48;2;255;255;255m‚ñÄ[0m[38;2;199;199;199;48;2;255;255;255m‚ñÄ[0m[38;2;227;227;227;48;2;255;255;255m‚ñÄ[0m[38;2;255;255;255;48;2;248;248;248m‚ñÄ[0m[38;2;255;255;255;48;2;247;247;247m‚ñÄ[0m[38;2;255;255;255;48;2;248;248;248m‚ñÄ[0m[38;2;244;244;244;48;2;234;234;234m‚ñÄ[0m[38;2;227;227;227;48;2;228;228;228m‚ñÄ[0m[38;2;227;227;227;48;2;255;255;255m          [0m[38;2;252;252;255;48;2;255;255;255m‚ñÄ‚ñÄ[0m[38;2;252;252;255;48;2;255;255;255m [0m[38;2;222;224;254;48;2;194;197;253m‚ñÄ[0m[38;2;189;189;245;48;2;201;187;222m‚ñÄ[0m[38;2;248;204;172;48;2;229;189;178m‚ñÄ[0m[38;2;222;201;209;48;2;199;202;255m‚ñÄ[0m[38;2;202;185;216;48;2;214;179;185m‚ñÄ[0m[38;2;203;200;241;48;2;173;168;235m‚ñÄ[0m[38;2;214;208;237;48;2;188;160;195m‚ñÄ[0m[38;2;205;180;203;48;2;108;104;229m‚ñÄ[0m[38;2;206;210;255;48;2;131;94;171m‚ñÄ[0m[38;2;119;123;245;48;2;186;116;117m‚ñÄ[0m[38;2;110;99;218;48;2;235;152;100m‚ñÄ[0m[38;2;181;149;186;48;2;246;157;89m‚ñÄ[0m[38;2;230;174;147;48;2;254;170;100m‚ñÄ[0m[38;2;254;175;110;48;2;252;182;125m‚ñÄ[0m[38;2;252;160;84;48;2;251;198;157m‚ñÄ[0m[38;2;252;163;91;48;2;253;205;167m‚ñÄ[0m[38;2;251;170;104;48;2;253;208;172m‚ñÄ[0m[38;2;252;176;114;48;2;254;236;222m‚ñÄ[0m[38;2;252;194;147;48;2;255;250;246m‚ñÄ[0m[38;2;253;197;153;48;2;255;255;255m‚ñÄ[0m[38;2;253;205;166;48;2;255;250;247m‚ñÄ[0m[38;2;254;230;211;48;2;255;253;251m‚ñÄ[0m[38;2;255;251;248;48;2;255;255;255m‚ñÄ[0m[38;2;255;251;248;48;2;255;255;255m  [0m[38;2;255;255;255;48;2;255;251;249m‚ñÄ[0m[38;2;255;249;244;48;2;253;217;187m‚ñÄ[0m[38;2;255;252;249;48;2;254;236;222m‚ñÄ[0m[38;2;255;253;251;48;2;255;244;235m‚ñÄ[0m[38;2;255;251;248;48;2;254;235;219m‚ñÄ[0m[38;2;255;251;248;48;2;255;255;255m                    [0m
       [48;2;255;255;255m     [0m[38;2;235;235;235;48;2;244;244;244m‚ñÄ[0m[38;2;217;217;217;48;2;226;226;226m‚ñÄ[0m[38;2;212;212;212;48;2;233;233;233m‚ñÄ[0m[38;2;194;194;194;48;2;223;223;223m‚ñÄ[0m[38;2;230;230;230;48;2;229;229;229m‚ñÄ[0m[38;2;230;230;230;48;2;255;255;255m         [0m[38;2;243;243;254;48;2;212;215;255m‚ñÄ[0m[38;2;254;255;255;48;2;252;235;220m‚ñÄ[0m[38;2;255;255;255;48;2;227;218;234m‚ñÄ[0m[38;2;193;197;255;48;2;187;162;201m‚ñÄ[0m[38;2;237;241;255;48;2;211;178;188m‚ñÄ[0m[38;2;255;255;255;48;2;251;202;163m‚ñÄ[0m[38;2;255;255;252;48;2;249;179;127m‚ñÄ[0m[38;2;237;221;224;48;2;211;133;106m‚ñÄ[0m[38;2;201;172;194;48;2;185;104;97m‚ñÄ[0m[38;2;194;153;172;48;2;198;123;111m‚ñÄ[0m[38;2;151;101;149;48;2;247;181;130m‚ñÄ[0m[38;2;196;120;107;48;2;240;194;169m‚ñÄ[0m[38;2;245;157;92;48;2;248;225;211m‚ñÄ[0m[38;2;255;177;109;48;2;255;247;240m‚ñÄ[0m[38;2;254;197;149;48;2;244;244;254m‚ñÄ[0m[38;2;249;212;186;48;2;211;214;255m‚ñÄ[0m[38;2;254;234;219;48;2;255;255;255m‚ñÄ[0m[38;2;255;248;242;48;2;255;255;255m‚ñÄ[0m[38;2;255;248;242;48;2;255;255;255m [0m[38;2;255;255;255;48;2;255;241;229m‚ñÄ[0m[38;2;255;255;255;48;2;254;234;218m‚ñÄ[0m[38;2;255;255;255;48;2;255;255;255m               [0m[38;2;255;255;255;48;2;255;244;236m‚ñÄ[0m[38;2;255;255;255;48;2;254;238;226m‚ñÄ[0m[38;2;255;255;255;48;2;255;255;255m                [0m
       [48;2;255;255;255m        [0m[38;2;245;245;245;48;2;243;243;243m‚ñÄ[0m[38;2;245;245;245;48;2;227;227;227m [0m[38;2;245;245;245;48;2;255;255;255m  [0m[38;2;255;255;255;48;2;255;251;247m‚ñÄ[0m[38;2;255;255;255;48;2;254;241;230m‚ñÄ[0m[38;2;255;255;255;48;2;254;228;207m‚ñÄ[0m[38;2;255;255;255;48;2;253;214;182m‚ñÄ[0m[38;2;255;254;253;48;2;254;202;159m‚ñÄ[0m[38;2;255;246;239;48;2;253;190;138m‚ñÄ[0m[38;2;254;234;218;48;2;253;179;118m‚ñÄ[0m[38;2;255;223;193;48;2;254;172;104m‚ñÄ[0m[38;2;246;188;145;48;2;250;165;98m‚ñÄ[0m[38;2;232;166;129;48;2;235;138;74m‚ñÄ[0m[38;2;249;165;99;48;2;194;122;114m‚ñÄ[0m[38;2;234;145;88;48;2;132;105;190m‚ñÄ[0m[38;2;198;122;108;48;2;127;110;207m‚ñÄ[0m[38;2;146;90;139;48;2;154;148;231m‚ñÄ[0m[38;2;172;124;158;48;2;230;230;251m‚ñÄ[0m[38;2;195;160;184;48;2;246;251;255m‚ñÄ[0m[38;2;207;192;221;48;2;232;235;255m‚ñÄ[0m[38;2;253;251;250;48;2;255;255;255m‚ñÄ[0m[38;2;221;224;255;48;2;226;227;252m‚ñÄ[0m[38;2;242;244;255;48;2;238;238;253m‚ñÄ[0m[38;2;255;255;255;48;2;233;235;255m‚ñÄ[0m[38;2;255;255;255;48;2;226;228;254m‚ñÄ[0m[38;2;252;252;255;48;2;255;255;255m‚ñÄ[0m[38;2;252;252;255;48;2;255;255;255m   [0m[38;2;255;255;254;48;2;255;255;255m‚ñÄ‚ñÄ[0m[38;2;255;255;254;48;2;255;255;255m               [0m[38;2;255;250;245;48;2;255;255;255m‚ñÄ[0m[38;2;255;247;240;48;2;255;255;255m‚ñÄ[0m[38;2;255;247;240;48;2;255;255;255m                [0m
       [48;2;255;255;255m        [0m[38;2;243;243;243;48;2;244;244;244m‚ñÄ[0m[38;2;243;243;243;48;2;227;227;227m [0m[38;2;243;243;243;48;2;255;255;255m [0m[38;2;254;242;232;48;2;254;235;219m‚ñÄ[0m[38;2;252;196;150;48;2;251;170;104m‚ñÄ[0m[38;2;252;188;137;48;2;251;167;100m‚ñÄ[0m[38;2;252;181;124;48;2;253;170;103m‚ñÄ[0m[38;2;252;174;110;48;2;255;179;113m‚ñÄ[0m[38;2;243;159;99;48;2;243;175;128m‚ñÄ[0m[38;2;243;158;97;48;2;220;157;133m‚ñÄ[0m[38;2;245;164;104;48;2;172;135;177m‚ñÄ[0m[38;2;239;157;103;48;2;121;101;202m‚ñÄ[0m[38;2;187;128;138;48;2;111;108;233m‚ñÄ[0m[38;2;118;87;181;48;2;139;143;249m‚ñÄ[0m[38;2;114;90;194;48;2;223;208;224m‚ñÄ[0m[38;2;163;137;195;48;2;245;221;210m‚ñÄ[0m[38;2;218;176;171;48;2;211;202;232m‚ñÄ[0m[38;2;228;191;182;48;2;236;216;217m‚ñÄ[0m[38;2;222;220;247;48;2;231;229;248m‚ñÄ[0m[38;2;255;240;223;48;2;255;247;233m‚ñÄ[0m[38;2;255;255;246;48;2;255;254;249m‚ñÄ[0m[38;2;218;220;253;48;2;231;232;253m‚ñÄ[0m[38;2;212;213;251;48;2;232;232;253m‚ñÄ[0m[38;2;212;213;251;48;2;255;255;255m [0m[38;2;248;235;229;48;2;255;245;237m‚ñÄ[0m[38;2;248;238;234;48;2;255;249;240m‚ñÄ[0m[38;2;238;205;193;48;2;242;226;224m‚ñÄ[0m[38;2;240;239;251;48;2;244;244;254m‚ñÄ[0m[38;2;240;239;251;48;2;255;255;255m [0m[38;2;255;236;221;48;2;255;242;231m‚ñÄ[0m[38;2;241;237;246;48;2;253;250;250m‚ñÄ[0m[38;2;214;216;253;48;2;250;250;255m‚ñÄ[0m[38;2;255;236;219;48;2;255;241;230m‚ñÄ[0m[38;2;254;231;212;48;2;254;238;225m‚ñÄ[0m[38;2;254;231;212;48;2;255;255;255m                               [0m
       [48;2;255;255;255m     [0m[38;2;249;249;249;48;2;223;223;223m‚ñÄ[0m[38;2;241;241;241;48;2;195;195;195m‚ñÄ[0m[38;2;242;242;242;48;2;215;215;215m‚ñÄ[0m[38;2;234;234;234;48;2;202;202;202m‚ñÄ[0m[38;2;228;228;228;48;2;231;231;231m‚ñÄ[0m[38;2;228;228;228;48;2;255;255;255m [0m[38;2;254;234;218;48;2;255;242;230m‚ñÄ[0m[38;2;253;179;118;48;2;242;196;168m‚ñÄ[0m[38;2;255;190;131;48;2;202;180;207m‚ñÄ[0m[38;2;246;189;148;48;2;154;151;236m‚ñÄ[0m[38;2;210;171;178;48;2;115;120;246m‚ñÄ[0m[38;2;163;147;213;48;2;106;111;245m‚ñÄ[0m[38;2;118;118;237;48;2;142;145;246m‚ñÄ[0m[38;2;98;103;246;48;2;197;199;250m‚ñÄ[0m[38;2;104;112;250;48;2;166;156;226m‚ñÄ[0m[38;2;221;198;208;48;2;247;233;228m‚ñÄ[0m[38;2;229;226;247;48;2;222;226;255m‚ñÄ[0m[38;2;231;234;255;48;2;225;220;241m‚ñÄ[0m[38;2;254;255;255;48;2;231;228;246m‚ñÄ[0m[38;2;255;255;255;48;2;252;240;230m‚ñÄ[0m[38;2;255;255;255;48;2;249;233;225m‚ñÄ[0m[38;2;255;255;255;48;2;255;255;255m [0m[38;2;216;218;254;48;2;241;241;254m‚ñÄ[0m[38;2;248;248;255;48;2;254;254;255m‚ñÄ[0m[38;2;248;248;255;48;2;255;255;255m                                            [0m
       [48;2;255;255;255m     [0m[38;2;245;245;245;48;2;255;255;255m‚ñÄ[0m[38;2;229;229;229;48;2;255;255;255m‚ñÄ[0m[38;2;237;237;237;48;2;255;255;255m‚ñÄ[0m[38;2;226;226;226;48;2;245;245;245m‚ñÄ[0m[38;2;228;228;228;48;2;227;227;227m‚ñÄ[0m[38;2;228;228;228;48;2;255;255;255m [0m[38;2;236;236;253;48;2;219;219;252m‚ñÄ[0m[38;2;152;155;247;48;2;107;110;242m‚ñÄ[0m[38;2;118;123;247;48;2;124;126;243m‚ñÄ[0m[38;2;107;111;243;48;2;164;166;247m‚ñÄ[0m[38;2;129;132;244;48;2;222;224;253m‚ñÄ[0m[38;2;182;183;248;48;2;234;213;215m‚ñÄ[0m[38;2;203;204;250;48;2;210;198;227m‚ñÄ[0m[38;2;242;243;254;48;2;210;212;253m‚ñÄ[0m[38;2;196;188;232;48;2;216;218;255m‚ñÄ[0m[38;2;203;185;213;48;2;197;189;233m‚ñÄ[0m[38;2;220;194;201;48;2;243;219;210m‚ñÄ[0m[38;2;241;226;225;48;2;243;245;255m‚ñÄ[0m[38;2;255;245;233;48;2;255;255;255m‚ñÄ[0m[38;2;235;232;246;48;2;255;254;253m‚ñÄ[0m[38;2;219;197;211;48;2;255;241;228m‚ñÄ[0m[38;2;219;197;211;48;2;255;255;255m  [0m[38;2;239;240;254;48;2;235;236;253m‚ñÄ[0m[38;2;234;235;253;48;2;238;238;253m‚ñÄ[0m[38;2;234;235;253;48;2;255;255;255m      [0m[38;2;232;233;253;48;2;236;237;253m‚ñÄ[0m[38;2;241;241;254;48;2;243;243;254m‚ñÄ[0m[38;2;241;241;254;48;2;255;255;255m                                   [0m
       [48;2;255;255;255m        [0m[48;2;243;243;243m [0m[48;2;227;227;227m [0m[48;2;255;255;255m [0m[38;2;224;224;252;48;2;244;244;254m‚ñÄ[0m[38;2;147;149;245;48;2;236;236;253m‚ñÄ[0m[38;2;201;202;250;48;2;255;255;255m‚ñÄ[0m[38;2;249;249;254;48;2;255;255;255m‚ñÄ[0m[38;2;249;249;254;48;2;255;255;255m [0m[38;2;253;252;252;48;2;255;255;255m‚ñÄ[0m[38;2;255;255;254;48;2;210;211;251m‚ñÄ[0m[38;2;225;226;252;48;2;234;234;253m‚ñÄ[0m[38;2;233;233;253;48;2;167;169;247m‚ñÄ[0m[38;2;255;255;255;48;2;235;236;253m‚ñÄ[0m[38;2;255;255;255;48;2;255;255;255m       [0m[38;2;208;209;251;48;2;255;255;255m‚ñÄ[0m[38;2;254;254;255;48;2;255;255;255m‚ñÄ[0m[38;2;254;254;255;48;2;255;255;255m             [0m[38;2;255;255;255;48;2;255;254;253m‚ñÄ[0m[38;2;255;255;255;48;2;255;255;254m‚ñÄ[0m[38;2;255;255;255;48;2;255;255;255m                            [0m
       [48;2;255;255;255m     [0m[38;2;255;255;255;48;2;250;250;250m‚ñÄ[0m[38;2;255;255;255;48;2;242;242;242m‚ñÄ[0m[38;2;255;255;255;48;2;247;247;247m‚ñÄ[0m[38;2;244;244;244;48;2;233;233;233m‚ñÄ[0m[38;2;227;227;227;48;2;228;228;228m‚ñÄ[0m[38;2;227;227;227;48;2;255;255;255m       [0m[38;2;254;254;255;48;2;255;255;255m‚ñÄ[0m[38;2;254;254;255;48;2;255;255;255m [0m[38;2;253;253;255;48;2;255;255;255m‚ñÄ[0m[38;2;254;254;255;48;2;255;255;255m‚ñÄ[0m[38;2;255;255;254;48;2;255;253;252m‚ñÄ[0m[38;2;255;249;244;48;2;254;228;207m‚ñÄ[0m[38;2;255;249;244;48;2;255;255;255m   [0m[38;2;255;255;255;48;2;253;254;255m‚ñÄ[0m[38;2;255;255;255;48;2;254;254;255m‚ñÄ[0m[38;2;255;255;255;48;2;255;255;255m               [0m[38;2;254;230;211;48;2;255;255;254m‚ñÄ[0m[38;2;255;245;237;48;2;255;255;255m‚ñÄ[0m[38;2;255;245;237;48;2;255;255;255m                            [0m
       [48;2;255;255;255m     [0m[38;2;223;223;223;48;2;245;245;245m‚ñÄ[0m[38;2;195;195;195;48;2;228;228;228m‚ñÄ[0m[38;2;207;207;207;48;2;233;233;233m‚ñÄ[0m[38;2;195;195;195;48;2;224;224;224m‚ñÄ[0m[38;2;230;230;230;48;2;227;227;227m‚ñÄ[0m[38;2;255;255;255;48;2;254;254;254m‚ñÄ[0m[38;2;254;234;217;48;2;254;251;249m‚ñÄ[0m[38;2;255;242;233;48;2;254;252;251m‚ñÄ[0m[38;2;255;255;255;48;2;254;254;254m‚ñÄ[0m[38;2;255;229;208;48;2;254;251;248m‚ñÄ[0m[38;2;246;240;243;48;2;253;252;252m‚ñÄ[0m[38;2;210;212;252;48;2;248;248;254m‚ñÄ[0m[38;2;255;255;255;48;2;254;254;254m‚ñÄ[0m[38;2;255;255;255;48;2;255;255;255m   [0m[38;2;255;241;230;48;2;254;252;251m‚ñÄ[0m[38;2;254;237;223;48;2;254;251;249m‚ñÄ[0m[38;2;255;255;255;48;2;254;254;254m‚ñÄ‚ñÄ‚ñÄ[0m[38;2;213;214;251;48;2;253;253;254m‚ñÄ[0m[38;2;240;240;254;48;2;254;254;254m‚ñÄ[0m[38;2;255;255;255;48;2;254;254;254m‚ñÄ[0m[38;2;255;255;255;48;2;255;255;255m  [0m[38;2;255;255;255;48;2;254;254;254m‚ñÄ‚ñÄ‚ñÄ‚ñÄ‚ñÄ‚ñÄ‚ñÄ‚ñÄ[0m[38;2;255;255;255;48;2;255;255;255m   [0m[38;2;255;255;255;48;2;254;254;254m‚ñÄ‚ñÄ‚ñÄ‚ñÄ‚ñÄ‚ñÄ‚ñÄ‚ñÄ[0m[38;2;255;255;255;48;2;255;255;255m   [0m[38;2;255;255;255;48;2;254;254;254m‚ñÄ‚ñÄ‚ñÄ‚ñÄ‚ñÄ‚ñÄ‚ñÄ[0m[38;2;255;255;255;48;2;255;255;255m   [0m[38;2;255;255;255;48;2;254;254;254m‚ñÄ‚ñÄ‚ñÄ[0m[38;2;255;255;255;48;2;255;255;255m       [0m
       [48;2;255;255;255m        [0m[38;2;251;251;251;48;2;255;255;255m‚ñÄ[0m[38;2;212;212;212;48;2;255;255;255m‚ñÄ[0m[38;2;217;217;217;48;2;255;255;255m‚ñÄ[0m[38;2;218;218;219;48;2;255;255;255m‚ñÄ[0m[38;2;218;218;218;48;2;255;255;255m‚ñÄ‚ñÄ[0m[38;2;218;219;219;48;2;255;255;255m‚ñÄ[0m[38;2;218;218;218;48;2;255;255;255m‚ñÄ[0m[38;2;219;219;218;48;2;255;255;255m‚ñÄ[0m[38;2;220;220;220;48;2;235;235;235m‚ñÄ[0m[38;2;216;216;216;48;2;230;230;230m‚ñÄ[0m[38;2;212;212;212;48;2;202;202;202m‚ñÄ[0m[38;2;210;210;210;48;2;193;193;193m‚ñÄ[0m[38;2;218;218;218;48;2;246;246;246m‚ñÄ[0m[38;2;218;218;219;48;2;255;255;255m‚ñÄ[0m[38;2;218;218;218;48;2;255;255;255m‚ñÄ‚ñÄ‚ñÄ‚ñÄ‚ñÄ‚ñÄ[0m[38;2;212;212;212;48;2;199;199;199m‚ñÄ[0m[38;2;215;215;215;48;2;221;221;221m‚ñÄ[0m[38;2;218;218;218;48;2;255;255;255m‚ñÄ‚ñÄ‚ñÄ‚ñÄ‚ñÄ‚ñÄ‚ñÄ‚ñÄ[0m[38;2;211;211;211;48;2;221;221;221m‚ñÄ[0m[38;2;213;213;213;48;2;199;199;199m‚ñÄ[0m[38;2;212;212;212;48;2;203;203;203m‚ñÄ[0m[38;2;218;218;218;48;2;255;255;255m‚ñÄ‚ñÄ‚ñÄ‚ñÄ‚ñÄ‚ñÄ‚ñÄ[0m[38;2;218;218;218;48;2;254;254;254m‚ñÄ[0m[38;2;209;209;209;48;2;206;206;206m‚ñÄ[0m[38;2;210;210;210;48;2;187;187;187m‚ñÄ[0m[38;2;215;215;215;48;2;224;224;224m‚ñÄ[0m[38;2;218;218;218;48;2;255;255;255m‚ñÄ‚ñÄ‚ñÄ‚ñÄ‚ñÄ‚ñÄ‚ñÄ[0m[38;2;216;216;216;48;2;249;249;249m‚ñÄ[0m[38;2;210;210;210;48;2;186;186;186m‚ñÄ‚ñÄ[0m[38;2;218;218;218;48;2;244;244;244m‚ñÄ[0m[38;2;217;217;217;48;2;255;255;255m‚ñÄ[0m[38;2;226;226;226;48;2;255;255;255m‚ñÄ[0m[38;2;226;226;226;48;2;255;255;255m       [0m
       [48;2;255;255;255m                 [0m[38;2;244;244;244;48;2;255;255;255m‚ñÄ[0m[38;2;239;239;239;48;2;255;255;255m‚ñÄ[0m[38;2;215;215;215;48;2;255;255;255m‚ñÄ[0m[38;2;219;219;219;48;2;255;255;255m‚ñÄ[0m[38;2;251;251;251;48;2;255;255;255m‚ñÄ[0m[38;2;251;251;251;48;2;255;255;255m       [0m[38;2;224;224;224;48;2;255;255;255m‚ñÄ[0m[38;2;237;237;237;48;2;255;255;255m‚ñÄ[0m[38;2;237;237;237;48;2;255;255;255m [0m[38;2;255;255;255;48;2;253;253;253m‚ñÄ[0m[38;2;255;255;255;48;2;234;234;234m‚ñÄ[0m[38;2;255;255;255;48;2;245;245;245m‚ñÄ[0m[38;2;255;255;255;48;2;234;234;234m‚ñÄ[0m[38;2;255;255;255;48;2;246;246;246m‚ñÄ[0m[38;2;255;255;255;48;2;237;237;237m‚ñÄ[0m[38;2;255;255;255;48;2;239;239;239m‚ñÄ[0m[38;2;232;232;232;48;2;239;239;239m‚ñÄ[0m[38;2;219;219;219;48;2;232;232;232m‚ñÄ[0m[38;2;228;228;228;48;2;232;232;232m‚ñÄ[0m[38;2;228;228;228;48;2;255;255;255m       [0m[38;2;252;252;252;48;2;255;255;255m‚ñÄ[0m[38;2;215;215;215;48;2;255;255;255m‚ñÄ[0m[38;2;219;219;219;48;2;255;255;255m‚ñÄ[0m[38;2;238;238;238;48;2;255;255;255m‚ñÄ[0m[38;2;238;238;238;48;2;255;255;255m       [0m[38;2;249;249;249;48;2;255;255;255m‚ñÄ[0m[38;2;217;217;217;48;2;255;255;255m‚ñÄ[0m[38;2;216;216;216;48;2;255;255;255m‚ñÄ[0m[38;2;250;250;250;48;2;255;255;255m‚ñÄ[0m[38;2;250;250;250;48;2;255;255;255m         [0m
       [48;2;255;255;255m                                [0m[38;2;252;252;252;48;2;255;255;255m‚ñÄ[0m[38;2;191;191;191;48;2;239;239;239m‚ñÄ[0m[38;2;186;186;186;48;2;234;234;234m‚ñÄ[0m[38;2;183;183;183;48;2;238;238;238m‚ñÄ[0m[38;2;179;179;179;48;2;229;229;229m‚ñÄ[0m[38;2;190;190;190;48;2;239;239;239m‚ñÄ[0m[38;2;221;221;221;48;2;247;247;247m‚ñÄ[0m[38;2;178;178;178;48;2;232;232;232m‚ñÄ[0m[38;2;184;184;184;48;2;240;240;240m‚ñÄ[0m[38;2;201;201;201;48;2;244;244;244m‚ñÄ[0m[38;2;201;201;201;48;2;255;255;255m                               [0m
                                                                                
